
[Browser]
Browser=htmlBrowser

[htmlMain]
htmlMain="Type=Window;Caption={main.htm*}"
mainPage="Type=HTMLDocument;HTMLTitle=main.htm"
htmlDoc="Type=HTMLDocument;Index=1"
testTable="Type=HTMLTable;Index=1"

linksLink="Type=HTMLLink;HTMLText=links"
imageMapLink="Type=HTMLLink;HTMLText=image map"
tablesLink="Type=HTMLLink;HTMLText=tables"
formsLink="Type=HTMLLink;HTMLText=forms"
framesLink="Type=HTMLLink;HTMLText=frames"

Child1="Type=HTMLTableCell;HTMLText=test page"
Child2="Type=HTMLTableCell;HTMLText=description"
Child3="Type=HTMLTableCell;HTMLText=links"
Child5="Type=HTMLTableCell;HTMLText=tests of anchor tag hyper-links"
Child6="Type=HTMLTableCell;HTMLText=image map"
Child8="Type=HTMLTableCell;HTMLText=test of image mapping"
Child9="Type=HTMLTableCell;HTMLText=tables"
Child11="Type=HTMLTableCell;HTMLText=tests of various table styles"
Child12="Type=HTMLTableCell;HTMLText=forms"
Child14="Type=HTMLTableCell;HTMLText=tests of forms"
Child15="Type=HTMLTableCell;HTMLText=frames"
Child17="Type=HTMLTableCell;HTMLText=tests using frames"

[genericWindow]
genericWindow="Type=Window;Caption={*.htm*}"
genericWindowDoc="Type=HTMLDocument;Index=1"
backButton="20,40"


[htmlLinks]
htmlLinks="Type=Window;Caption={links.htm*}"
linksPage="Type=HTMLDocument;HTMLTitle=links.htm"
backButton="20,40"
htmlDoc="Type=HTMLDocument;Index=1"
targetAnchor="Type=HTMLLink;Name=targets"
simpleLinkWithTarget="Type=HTMLLink;HTMLText=simple link"
longLinkWithTarget="Type=HTMLLink;HTMLText=this is a really long link that should span more than one linethis is a really long link that should span more than one linethis is a really long link that sho"
tabLinkWithTarget="Type=HTMLLink;HTMLText=link with embedded tab"
CRLFLinkWithTarget="Type=HTMLLink;HTMLText=link with embedded CRLF"
imgtxtLinkWithTarget="Type=HTMLLink;HTMLText=text image link"
imgLinkWithTarget="Type=HTMLLink;Index=7"
imgNoTextWithTarget="Type=HTMLImage;Index=2"

simpleLink="Type=HTMLLink;HTMLText=simple link;Index=2"
longLink="Type=HTMLLink;HTMLText=this is a really long link;Index=2"
tabLink="Type=HTMLLink;HTMLText=link with embedded tab;Index=2"
CRLFLink="Type=HTMLLink;HTMLText=link with embedded CRLF;Index=2"
imgtxtLink="Type=HTMLLink;HTMLText=text image link;Index=2"
imgLink="Type=HTMLLink;Index=13"
imgNoText="Type=HTMLImage;Index=4"
linkToNamedAnchor="Type=HTMLLink;HTMLText=link to target links"
mailtoLink="Type=HTMLLink;HTMLText=Send Mail"

HTMLImage1="Type=HTMLImage;Index=1"
HTMLImage3="Type=HTMLImage;Index=3"


[linkText]
linkText="Type=Window;Caption={link_text.htm*}"
linkTextPage="Type=HTMLDocument;HTMLTitle=link_text.htm"
backButton="20,40"


[imgMapPage]
imgMapPage="Type=Window;Caption={imagemap.htm*}"
imgMapHTML="Type=HTMLDocument;HTMLTitle=imagemap.htm"
backButton="20,40"
planetImg="Type=HTMLImage;Index=1"
planetmap="Type=HTMLMap;Name=planetmap"
sun="Type=HTMLMapArea;HTMLText=Sun"
mercury="Type=HTMLMapArea;HTMLText=Mercur"
venus="Type=HTMLMapArea;HTMLText=Venus"

[planetImg]
Middle="coords=25,25"

[imgPage]
imgPage="Type=Window;Caption={*.htm*}"
backButton="20,40"
htmlDoc="Type=HTMLDocument;Index=1"

[tablesPage]
tablesPage="Type=Window;Caption={tables.htm*}"
tablesPageHTML="Type=HTMLDocument;HTMLTitle=tables.htm"
backButton="20,40"
htmlDoc="Type=HTMLDocument;Index=1"
HTMLTable1="Type=HTMLTable;Index=1"
Child1="Type=HTMLTableCell;HTMLText=one"
Child2="Type=HTMLTableCell;HTMLText=two"
Child3="Type=HTMLTableCell;HTMLText=three"
HTMLTableCell2="Type=HTMLTableCell;HTMLText=one;Index=2"
HTMLTableCell2="Type=HTMLTableCell;HTMLText=two;Index=2"
HTMLTableCell2="Type=HTMLTableCell;HTMLText=three;Index=2"
Child7="Type=HTMLTableCell;HTMLText=first"
Child8="Type=HTMLTableCell;HTMLText=second"
Child9="Type=HTMLTableCell;HTMLText=third"
Child10="Type=HTMLTableCell;HTMLText=spaning two cols"
Child11="Type=HTMLTableCell;HTMLText=last col"
Child12="Type=HTMLTableCell;HTMLText=xxx1"
Child13="Type=HTMLTableCell;HTMLText=yyy1"
Child14="Type=HTMLTableCell;HTMLText=spans two rows"
Child15="Type=HTMLTableCell;HTMLText=xxx2"
Child16="Type=HTMLTableCell;HTMLText=yyy2"
Child17="Type=HTMLTableCell;HTMLText=back to"
Child18="Type=HTMLTableCell;HTMLText=standard"
Child19="Type=HTMLTableCell;HTMLText=format"
HTMLTable2="Type=HTMLTable;Index=2"
Child21="Type=HTMLTableCell;HTMLText=block 1"
Child22="Type=HTMLTableCell;HTMLText=block 2"
Child23="Type=HTMLTableCell;HTMLText=embedded table onetwothree  onetwothree  firstsecondthird  spaning two colslast col  xxx1yyy1spans two rows  xxx2yyy2  back tostandardformat"
HTMLTable3="Type=HTMLTable;Index=3"
HTMLTableCell3="Type=HTMLTableCell;HTMLText=one;Index=3"
HTMLTableCell3="Type=HTMLTableCell;HTMLText=two;Index=3"
HTMLTableCell3="Type=HTMLTableCell;HTMLText=three;Index=3"
HTMLTableCell4="Type=HTMLTableCell;HTMLText=one;Index=4"
HTMLTableCell4="Type=HTMLTableCell;HTMLText=two;Index=4"
HTMLTableCell4="Type=HTMLTableCell;HTMLText=three;Index=4"
HTMLTableCell2="Type=HTMLTableCell;HTMLText=first;Index=2"
HTMLTableCell2="Type=HTMLTableCell;HTMLText=second;Index=2"
HTMLTableCell2="Type=HTMLTableCell;HTMLText=third;Index=2"
HTMLTableCell2="Type=HTMLTableCell;HTMLText=spaning two cols;Index=2"
HTMLTableCell2="Type=HTMLTableCell;HTMLText=last col;Index=2"
HTMLTableCell2="Type=HTMLTableCell;HTMLText=xxx1;Index=2"
HTMLTableCell2="Type=HTMLTableCell;HTMLText=yyy1;Index=2"
HTMLTableCell2="Type=HTMLTableCell;HTMLText=spans two rows;Index=2"
HTMLTableCell2="Type=HTMLTableCell;HTMLText=xxx2;Index=2"
HTMLTableCell2="Type=HTMLTableCell;HTMLText=yyy2;Index=2"
HTMLTableCell2="Type=HTMLTableCell;HTMLText=back to;Index=2"
HTMLTableCell2="Type=HTMLTableCell;HTMLText=standard;Index=2"
HTMLTableCell2="Type=HTMLTableCell;HTMLText=format;Index=2"
Child44="Type=HTMLTableCell;HTMLText=block 3"
HTMLTable4="Type=HTMLTable;Index=4"
HTMLTableCell5="Type=HTMLTableCell;HTMLText=one;Index=5"
HTMLTableCell5="Type=HTMLTableCell;HTMLText=two;Index=5"
Child48="Type=HTMLTableCell;HTMLText=threeclick me"
Child49="Type=HTMLLink;HTMLText=click me"
HTMLTableCell3="Type=HTMLTableCell;HTMLText=first;Index=3"
HTMLTableCell3="Type=HTMLTableCell;HTMLText=second;Index=3"
Child52="Type=HTMLLink;HTMLText=con"
HTMLTableCell3="Type=HTMLTableCell;HTMLText=third;Index=3"
HTMLTableCell3="Type=HTMLTableCell;HTMLText=spaning two cols;Index=3"
HTMLTableCell3="Type=HTMLTableCell;HTMLText=last col;Index=3"
HTMLTableCell3="Type=HTMLTableCell;HTMLText=xxx1;Index=3"
HTMLTableCell3="Type=HTMLTableCell;HTMLText=yyy1;Index=3"
HTMLTableCell3="Type=HTMLTableCell;HTMLText=spans two rows;Index=3"
HTMLTableCell3="Type=HTMLTableCell;HTMLText=xxx2;Index=3"
Child60="Type=HTMLTableCell;HTMLText=click me tooyyy2"
Child61="Type=HTMLLink;HTMLText=click me too"
HTMLTableCell3="Type=HTMLTableCell;HTMLText=back to;Index=3"
HTMLTableCell3="Type=HTMLTableCell;HTMLText=standard;Index=3"
HTMLTableCell3="Type=HTMLTableCell;HTMLText=format;Index=3"


[HTMLTable4]
HTMLTable4="Type=HTMLTable;Index=4"
firstLink="row=1;col=3"


[formsPage]
formsPage="Type=Window;Caption={forms.htm*}"
formsPageHTML="Type=HTMLDocument;HTMLTitle=forms.htm"
backButton="20,40"
htmlDoc="Type=HTMLDocument;Index=1"
HTMLTable1="Type=HTMLTable;Index=1"
Child1="Type=HTMLTableCell;HTMLText=Single Line Text Area:"
Child2="Type=HTMLTableCell;HTMLText=Scrolling Text Area:"
HTMLTableCell3="Type=HTMLTableCell;Index=3"
T1="Type=EditBox;Name=T1"
HTMLTableCell4="Type=HTMLTableCell;Index=4"
S1="Type=EditBox;Name=S1"
Child7="Type=HTMLTableCell;HTMLText=Check Box 1  Check Box 2  Check Box 2"
C1="Type=CheckBox;Name=C1"
C2="Type=CheckBox;Name=C2"
C3="Type=CheckBox;Name=C3"
Child11="Type=HTMLTableCell;HTMLText=Radio Button 1  Radio Button 2  Radio Button 3"
R1="Type=RadioButton;Name=R1"
R1a="Type=RadioButton;Name=R1;Index=2"
R1b="Type=RadioButton;Name=R1;Index=3"
Child15="Type=HTMLTableCell;HTMLText=combo box"
Child16="Type=HTMLTableCell;HTMLText=multi select listbox"
Child17="Type=HTMLTableCell;HTMLText=Choice Box Item 1 Item 2 Item 3 Item 4"
D1="Type=ComboBox;Name=D1"
Child19="Type=HTMLTableCell;HTMLText=DEPT PRODUCT SYSTEM DVD TABLE SUBTABLE TESTNAME"
list_name="Type=ListBox;Name=list_name"
HTMLTableCell11="Type=HTMLTableCell;Index=11"
B1="Type=PushButton;Name=B1"
HTMLTableCell12="Type=HTMLTableCell;Index=12"
HTMLTable2="Type=HTMLTable;Index=2"
Child25="Type=HTMLTableCell;HTMLText=the next cell has a form"
Child26="Type=HTMLTableCell;HTMLText=includes deletes sio nonsio prevsio other"
includes="Type=CheckBox;Name=files"
deletes="Type=CheckBox;Name=files;Index=2"
sio="Type=CheckBox;Name=files;Index=3"
nonsio="Type=CheckBox;Name=files;Index=4"
prevsio="Type=CheckBox;Name=files;Index=5"
other="Type=CheckBox;Name=files;Index=6"
getFileDetails="Type=PushButton;HTMLText=get file details"
p_base="Type=HTMLHidden;Name=p_base"
Child35="Type=HTMLTableCell;HTMLText=Radio Button 1  Radio Button 2  Radio Button 3  Check Box 1  Check Box 2  Check Box 2"
R2="Type=RadioButton;Name=R2"
R2a="Type=RadioButton;Name=R2;Index=2"
R2b="Type=RadioButton;Name=R2;Index=3"
C4="Type=CheckBox;Name=C4"
C5="Type=CheckBox;Name=C5"
C6="Type=CheckBox;Name=C6"
submit="Type=PushButton;Name=B1;Index=2"
Child43="Type=HTMLTableCell;HTMLText=the cell to the left has a form"

[MessageDialog]
MessageDialog=Type=Window;Caption=Microsoft Internet Explorer
Message=Type=Label;ObjectIndex=1
OKButton=Type=PushButton;Text=OK


[frames]
frames="Type=Window;Caption={frames.htm*}"
framesHTML="Type=HTMLDocument;HTMLTitle=frames.htm"
framesDOC="Type=HTMLDocument;Index=1"
backButton="20,40"
imagemap="Type=HTMLFrame;Name=imagemap"
tables="Type=HTMLFrame;Name=tables"
links="Type=HTMLFrame;Name=links"
iframe="Type=HTMLFrame;Name=iframe"
mainframe="Type=HTMLFrame;Name=mainframe"
forms="Type=HTMLFrame;Name=forms"

Radio1="Type=HTMLFrame;HTMLId=forms;\;Type=RadioButton;Name=R1"
Radio2="Type=HTMLFrame;HTMLId=forms;\;Type=RadioButton;Name=R1;Index=2"
Radio3="Type=HTMLFrame;HTMLId=forms;\;Type=RadioButton;Name=R1;Index=3"

;children of "imagemap"
imagemapDOC="Type=HTMLFrame;Name=imagemap;\;Type=HTMLDocument;Index=1"
HTMLImage1="Type=HTMLFrame;HTMLId=imagemap;\;Type=HTMLImage;Index=1"
planetmap="Type=HTMLFrame;HTMLId=imagemap;\;Type=HTMLMap;Name=planetmap"
SunHTMLMapArea="Type=HTMLFrame;HTMLId=imagemap;\;Type=HTMLMapArea;HTMLText=Sun"
DIFFICULTHTMLMapArea="Type=HTMLFrame;HTMLId=imagemap;\;Type=HTMLMapArea;HTMLText=Mercur"
DIFFICULTHTMLMapArea="Type=HTMLFrame;HTMLId=imagemap;\;Type=HTMLMapArea;HTMLText=Venus"

;children of "tables"
tablesDOC="Type=HTMLFrame;Name=tables;\;Type=HTMLDocument;Index=1"
HTMLTableZ="Type=HTMLFrame;HTMLId=tables;\;Type=HTMLTable;Index=4"

HTMLTable1="Type=HTMLFrame;HTMLId=tables;\;Type=HTMLTable;Index=1"
HTMLTable2="Type=HTMLFrame;HTMLId=tables;\;Type=HTMLTable;Index=2"
HTMLTable3="Type=HTMLFrame;HTMLId=tables;\;Type=HTMLTable;Index=3"
;HTMLTableZ="Type=HTMLFrame;HTMLId=tables;\;Type=HTMLTable;Index=4"

;children of "links"
linksDOC="Type=HTMLFrame;Name=links;\;Type=HTMLDocument;Index=1"
targets="Type=HTMLFrame;HTMLId=links;\;Type=HTMLLink;Name=targets"
DIFFICULTHTMLLinkX="Type=HTMLFrame;HTMLId=links;\;Type=HTMLLink;HTMLText=simple link"
DIFFICULTHTMLLink="Type=HTMLFrame;HTMLId=links;\;Type=HTMLLink;HTMLText=this is a really long link that should span more than one linethis is a really long link that should span more than one linethis is a really long link that sho"
DIFFICULTHTMLLink="Type=HTMLFrame;HTMLId=links;\;Type=HTMLLink;HTMLText=link with embedded tab"
DIFFICULTHTMLLink="Type=HTMLFrame;HTMLId=links;\;Type=HTMLLink;HTMLText=link with embedded CRLF"
DIFFICULTHTMLLink="Type=HTMLFrame;HTMLId=links;\;Type=HTMLLink;HTMLText=text image link"
HTMLImage1="Type=HTMLFrame;HTMLId=links;\;Type=HTMLImage;Index=1"
HTMLLink7="Type=HTMLFrame;HTMLId=links;\;Type=HTMLLink;Index=7"
HTMLImage2="Type=HTMLFrame;HTMLId=links;\;Type=HTMLImage;Index=2"
HTMLLink2X="Type=HTMLFrame;HTMLId=links;\;Type=HTMLLink;HTMLText=simple link;Index=2"
HTMLLink2="Type=HTMLFrame;HTMLId=links;\;Type=HTMLLink;HTMLText=this is a really long link that should span more than one linethis is a really long link that should span more than one linethis is a really long link that sho;Index=2"
HTMLLink2="Type=HTMLFrame;HTMLId=links;\;Type=HTMLLink;HTMLText=link with embedded tab;Index=2"
HTMLLink2="Type=HTMLFrame;HTMLId=links;\;Type=HTMLLink;HTMLText=link with embedded CRLF;Index=2"
HTMLLink2="Type=HTMLFrame;HTMLId=links;\;Type=HTMLLink;HTMLText=text image link;Index=2"
HTMLImage3="Type=HTMLFrame;HTMLId=links;\;Type=HTMLImage;Index=3"
HTMLLink13="Type=HTMLFrame;HTMLId=links;\;Type=HTMLLink;Index=13"
HTMLImage4="Type=HTMLFrame;HTMLId=links;\;Type=HTMLImage;Index=4"
DIFFICULTHTMLLink="Type=HTMLFrame;HTMLId=links;\;Type=HTMLLink;HTMLText=link to target links"
DIFFICULTHTMLLink="Type=HTMLFrame;HTMLId=links;\;Type=HTMLLink;HTMLText=Send Mail"

;children of "iframe"
iframeDOC="Type=HTMLFrame;Name=iframe;\;Type=HTMLDocument;Index=1"
HTMLFrame1="Type=HTMLFrame;HTMLId=iframe;\;Type=HTMLFrame;Index=1"

;children of "HTMLFrame1"
HTMLFrame1DOC="Type=HTMLFrame;HTMLId=iframe;\;Type=HTMLFrame;Index=1;\;Type=HTMLDocument;Index=1"
targets="Type=HTMLFrame;HTMLId=iframe;\;Type=HTMLFrame;Index=1;\;Type=HTMLLink;Name=targets"
DIFFICULTHTMLLink="Type=HTMLFrame;HTMLId=iframe;\;Type=HTMLFrame;Index=1;\;Type=HTMLLink;HTMLText=simple link"
DIFFICULTHTMLLink="Type=HTMLFrame;HTMLId=iframe;\;Type=HTMLFrame;Index=1;\;Type=HTMLLink;HTMLText=this is a really long link that should span more than one linethis is a really long link that should span more than one linethis is a really long link that sho"
DIFFICULTHTMLLink="Type=HTMLFrame;HTMLId=iframe;\;Type=HTMLFrame;Index=1;\;Type=HTMLLink;HTMLText=link with embedded tab"
DIFFICULTHTMLLink="Type=HTMLFrame;HTMLId=iframe;\;Type=HTMLFrame;Index=1;\;Type=HTMLLink;HTMLText=link with embedded CRLF"
iframeLinkX="Type=HTMLFrame;HTMLId=iframe;\;Type=HTMLFrame;Index=1;\;Type=HTMLLink;HTMLText=text image link"
HTMLImage1="Type=HTMLFrame;HTMLId=iframe;\;Type=HTMLFrame;Index=1;\;Type=HTMLImage;Index=1"
HTMLLink7="Type=HTMLFrame;HTMLId=iframe;\;Type=HTMLFrame;Index=1;\;Type=HTMLLink;Index=7"
HTMLImage2="Type=HTMLFrame;HTMLId=iframe;\;Type=HTMLFrame;Index=1;\;Type=HTMLImage;Index=2"
HTMLLink2="Type=HTMLFrame;HTMLId=iframe;\;Type=HTMLFrame;Index=1;\;Type=HTMLLink;HTMLText=simple link;Index=2"
HTMLLink2="Type=HTMLFrame;HTMLId=iframe;\;Type=HTMLFrame;Index=1;\;Type=HTMLLink;HTMLText=this is a really long link that should span more than one linethis is a really long link that should span more than one linethis is a really long link that sho;Index=2"
iframeLink="Type=HTMLFrame;HTMLId=iframe;\;Type=HTMLFrame;Index=1;\;Type=HTMLLink;HTMLText=link with embedded tab;Index=2"
HTMLLink2="Type=HTMLFrame;HTMLId=iframe;\;Type=HTMLFrame;Index=1;\;Type=HTMLLink;HTMLText=link with embedded CRLF;Index=2"
HTMLLink2="Type=HTMLFrame;HTMLId=iframe;\;Type=HTMLFrame;Index=1;\;Type=HTMLLink;HTMLText=text image link;Index=2"
HTMLImage3="Type=HTMLFrame;HTMLId=iframe;\;Type=HTMLFrame;Index=1;\;Type=HTMLImage;Index=3"
HTMLLink13="Type=HTMLFrame;HTMLId=iframe;\;Type=HTMLFrame;Index=1;\;Type=HTMLLink;Index=13"
HTMLImage4="Type=HTMLFrame;HTMLId=iframe;\;Type=HTMLFrame;Index=1;\;Type=HTMLImage;Index=4"
DIFFICULTHTMLLink="Type=HTMLFrame;HTMLId=iframe;\;Type=HTMLFrame;Index=1;\;Type=HTMLLink;HTMLText=link to target links"
DIFFICULTHTMLLink="Type=HTMLFrame;HTMLId=iframe;\;Type=HTMLFrame;Index=1;\;Type=HTMLLink;HTMLText=Send Mail"

;children of "forms"
formsDOC="Type=HTMLFrame;Name=forms;\;Type=HTMLDocument;Index=1"
HTMLTable1="Type=HTMLFrame;HTMLId=forms;\;Type=HTMLTable;Index=1"
DIFFICULTHTMLTableCell="Type=HTMLFrame;HTMLId=forms;\;Type=HTMLTableCell;HTMLText=Single Line Text Area:"
DIFFICULTHTMLTableCell="Type=HTMLFrame;HTMLId=forms;\;Type=HTMLTableCell;HTMLText=Scrolling Text Area:"
HTMLTableCell3="Type=HTMLFrame;HTMLId=forms;\;Type=HTMLTableCell;Index=3"
T1="Type=HTMLFrame;HTMLId=forms;\;Type=EditBox;Name=T1"
HTMLTableCell4="Type=HTMLFrame;HTMLId=forms;\;Type=HTMLTableCell;Index=4"
S1="Type=HTMLFrame;HTMLId=forms;\;Type=EditBox;Name=S1"
DIFFICULTHTMLTableCell="Type=HTMLFrame;HTMLId=forms;\;Type=HTMLTableCell;HTMLText=Check Box 1  Check Box 2  Check Box 2"
C1="Type=HTMLFrame;HTMLId=forms;\;Type=CheckBox;Name=C1"
C2="Type=HTMLFrame;HTMLId=forms;\;Type=CheckBox;Name=C2"
C3="Type=HTMLFrame;HTMLId=forms;\;Type=CheckBox;Name=C3"
DIFFICULTHTMLTableCell="Type=HTMLFrame;HTMLId=forms;\;Type=HTMLTableCell;HTMLText=Radio Button 1  Radio Button 2  Radio Button 3"
R1="Type=HTMLFrame;HTMLId=forms;\;Type=RadioButton;Name=R1"
R1="Type=HTMLFrame;HTMLId=forms;\;Type=RadioButton;Name=R1;Index=2"
R1="Type=HTMLFrame;HTMLId=forms;\;Type=RadioButton;Name=R1;Index=3"
DIFFICULTHTMLTableCell="Type=HTMLFrame;HTMLId=forms;\;Type=HTMLTableCell;HTMLText=combo box"
DIFFICULTHTMLTableCell="Type=HTMLFrame;HTMLId=forms;\;Type=HTMLTableCell;HTMLText=multi select listbox"
DIFFICULTHTMLTableCell="Type=HTMLFrame;HTMLId=forms;\;Type=HTMLTableCell;HTMLText=Choice Box Item 1 Item 2 Item 3 Item 4"
D1="Type=HTMLFrame;HTMLId=forms;\;Type=ComboBox;Name=D1"
DIFFICULTHTMLTableCell="Type=HTMLFrame;HTMLId=forms;\;Type=HTMLTableCell;HTMLText=DEPT PRODUCT two  spaces a tab SYSTEM DVD TABLE SUBTABLE TESTNAME"
list_name="Type=HTMLFrame;HTMLId=forms;\;Type=ListBox;Name=list_name"
HTMLTableCell11="Type=HTMLFrame;HTMLId=forms;\;Type=HTMLTableCell;Index=11"
B1="Type=HTMLFrame;HTMLId=forms;\;Type=PushButton;Name=B1"
HTMLTableCell12="Type=HTMLFrame;HTMLId=forms;\;Type=HTMLTableCell;Index=12"
HTMLTable2="Type=HTMLFrame;HTMLId=forms;\;Type=HTMLTable;Index=2"
DIFFICULTHTMLTableCell="Type=HTMLFrame;HTMLId=forms;\;Type=HTMLTableCell;HTMLText=the next cell has a form"
DIFFICULTHTMLTableCell="Type=HTMLFrame;HTMLId=forms;\;Type=HTMLTableCell;HTMLText=includes deletes sio nonsio prevsio other"
files="Type=HTMLFrame;HTMLId=forms;\;Type=CheckBox;Name=files"
files="Type=HTMLFrame;HTMLId=forms;\;Type=CheckBox;Name=files;Index=2"
files="Type=HTMLFrame;HTMLId=forms;\;Type=CheckBox;Name=files;Index=3"
files="Type=HTMLFrame;HTMLId=forms;\;Type=CheckBox;Name=files;Index=4"
files="Type=HTMLFrame;HTMLId=forms;\;Type=CheckBox;Name=files;Index=5"
files="Type=HTMLFrame;HTMLId=forms;\;Type=CheckBox;Name=files;Index=6"
DIFFICULTPushButton="Type=HTMLFrame;HTMLId=forms;\;Type=PushButton;HTMLText=get file details"
p_base="Type=HTMLFrame;HTMLId=forms;\;Type=HTMLHidden;Name=p_base"
DIFFICULTHTMLTableCell="Type=HTMLFrame;HTMLId=forms;\;Type=HTMLTableCell;HTMLText=Radio Button 1  Radio Button 2  Radio Button 3  Check Box 1  Check Box 2  Check Box 2"
R2="Type=HTMLFrame;HTMLId=forms;\;Type=RadioButton;Name=R2"
R2="Type=HTMLFrame;HTMLId=forms;\;Type=RadioButton;Name=R2;Index=2"
R2="Type=HTMLFrame;HTMLId=forms;\;Type=RadioButton;Name=R2;Index=3"
C4="Type=HTMLFrame;HTMLId=forms;\;Type=CheckBox;Name=C4"
C5="Type=HTMLFrame;HTMLId=forms;\;Type=CheckBox;Name=C5"
C6="Type=HTMLFrame;HTMLId=forms;\;Type=CheckBox;Name=C6"
B1="Type=HTMLFrame;HTMLId=forms;\;Type=PushButton;Name=B1;Index=2"
DIFFICULTHTMLTableCell="Type=HTMLFrame;HTMLId=forms;\;Type=HTMLTableCell;HTMLText=the cell to the left has a form"


[HTMLTableZ]
HTMLTableZ="Type=HTMLFrame;HTMLId=tables;\;Type=HTMLTable;Index=4"
firstLinkZ="row=1;col=3"
firstCell="row=1;col=1"
Row1_Col2="Col=2;Row=1"
Row2_Col1="Row=2;Col=1"
Row2_Col2="Row=2;col=2"
Row2_Col3="COL=3;ROW=2"
TopLeft="10,10"
TopMiddle="Coords=150,10"
MiddleLeft="Coords=0,10,300,60"
